// Jest Snapshot v1, https://goo.gl/fbAQLP

exports[`Should List to match snapshot 1`] = `
<ul
  className="list "
>
  <li
    className="list__li  "
    onClick={[Function]}
  >
    <p
      className="new-component"
    >
      item 1
    </p>
  </li>
  <li
    className="list__li  "
    onClick={[Function]}
  >
    <p
      className="new-component"
    >
      item 2
    </p>
  </li>
</ul>
`;
